1780913921.333230:          hermes.cli:     DEBUG | Running hermes with the following command line arguments: Namespace(subcommand='init', path=WindowsPath('.'), config=WindowsPath('hermes.toml'), options=[], template_branch='', command=<hermes.commands.init.base.HermesInitCommand object at 0x0000025F92D7EF90>)
1780913921.333490:          hermes.cli:     DEBUG | Loading settings...
1780913921.333561:          hermes.cli:     DEBUG | Update settings from command line...
1780913921.333607:          hermes.cli:      INFO | Run subcommand init
1780913921.333830:         hermes.init:      INFO | Preparing HERMES initialization

1780913921.642655:         hermes.init:      INFO | Git project using GitHub detected.

1780913921.642772:         hermes.init:      INFO | Starting to initialize HERMES in C:\CQ Generation Framework\CQ-Generation-Framework

1780913921.644183:         hermes.init:      INFO | -- Step 1 of 8: Configure HERMES plugins --
1780913923.504175:         hermes.init:      INFO | The following plugins are already builtin:
1780913923.504395:         hermes.init:      INFO | [harvest] [1mCITATION.cff Harvester[0m (builtin)
1780913923.504494:         hermes.init:      INFO | [harvest] [1mcodemeta.json Harvester[0m (builtin)
1780913923.504571:         hermes.init:      INFO | [harvest] [1m'file_exists' Harvester[0m (builtin)
1780913923.504641:         hermes.init:      INFO | [process] [1mMerge[0m (builtin)
1780913923.504710:         hermes.init:      INFO | [curate] [1mCurate[0m (builtin)
1780913923.504774:         hermes.init:      INFO | [deposit] [1mInvenio Deposit[0m (builtin)
1780913923.504836:         hermes.init:      INFO | [deposit] [1mInvenio RDM Deposit[0m (builtin)
1780913923.504895:         hermes.init:      INFO | [deposit] [1mRodare Deposit[0m (builtin)
1780913923.504953:         hermes.init:      INFO | [postprocess] [1mInvenio Postprocess[0m (builtin)
1780913923.505014:         hermes.init:      INFO | [postprocess] [1mInvenio RDM Postprocess[0m (builtin)
1780913923.505078:         hermes.init:      INFO | The following plugins are available for installation:
1780913923.505211:         hermes.init:      INFO | Do you want to add a plugin?
1780914180.956896:         hermes.init:     ERROR | An error occurred during execution of HERMES init: EOF when reading a line
1781534652.613799:          hermes.cli:     DEBUG | Running hermes with the following command line arguments: Namespace(subcommand='init', path=WindowsPath('.'), config=WindowsPath('hermes.toml'), options=[], template_branch='', command=<hermes.commands.init.base.HermesInitCommand object at 0x000002559B295A90>)
1781534652.614064:          hermes.cli:     DEBUG | Loading settings...
1781534652.614118:          hermes.cli:     DEBUG | Update settings from command line...
1781534652.614153:          hermes.cli:      INFO | Run subcommand init
1781534652.614357:         hermes.init:      INFO | Preparing HERMES initialization

1781534653.146656:         hermes.init:      INFO | Git project using GitHub detected.

1781534653.146759:         hermes.init:      INFO | Starting to initialize HERMES in C:\CQ Generation Framework\CQ-Generation-Framework

1781534653.146797:         hermes.init:      INFO | -- Step 1 of 8: Configure HERMES plugins --
1781534654.574143:         hermes.init:      INFO | The following plugins are already builtin:
1781534654.574364:         hermes.init:      INFO | [harvest] [1mCITATION.cff Harvester[0m (builtin)
1781534654.574475:         hermes.init:      INFO | [harvest] [1mcodemeta.json Harvester[0m (builtin)
1781534654.574565:         hermes.init:      INFO | [harvest] [1m'file_exists' Harvester[0m (builtin)
1781534654.574648:         hermes.init:      INFO | [process] [1mMerge[0m (builtin)
1781534654.574725:         hermes.init:      INFO | [curate] [1mCurate[0m (builtin)
1781534654.574797:         hermes.init:      INFO | [deposit] [1mInvenio Deposit[0m (builtin)
1781534654.574871:         hermes.init:      INFO | [deposit] [1mInvenio RDM Deposit[0m (builtin)
1781534654.575044:         hermes.init:      INFO | [deposit] [1mRodare Deposit[0m (builtin)
1781534654.575122:         hermes.init:      INFO | [postprocess] [1mInvenio Postprocess[0m (builtin)
1781534654.575190:         hermes.init:      INFO | [postprocess] [1mInvenio RDM Postprocess[0m (builtin)
1781534654.575267:         hermes.init:      INFO | The following plugins are available for installation:
1781534654.575430:         hermes.init:      INFO | Do you want to add a plugin?
1781535529.676137:         hermes.init:   WARNING | HERMES init was aborted.
1781535529.676549:         hermes.init:      INFO | Cleaning unused files...
1781535893.265373:          hermes.cli:     DEBUG | Running hermes with the following command line arguments: Namespace(subcommand='init', path=WindowsPath('.'), config=WindowsPath('hermes.toml'), options=[], template_branch='', command=<hermes.commands.init.base.HermesInitCommand object at 0x0000023B4CF05A90>)
1781535893.266253:          hermes.cli:     DEBUG | Loading settings...
1781535893.266467:          hermes.cli:     DEBUG | Update settings from command line...
1781535893.266613:          hermes.cli:      INFO | Run subcommand init
1781535893.267396:         hermes.init:      INFO | Preparing HERMES initialization

1781535893.637668:         hermes.init:      INFO | Git project using GitHub detected.

1781535893.637772:         hermes.init:      INFO | Starting to initialize HERMES in C:\CQ Generation Framework\CQ-Generation-Framework

1781535893.637813:         hermes.init:      INFO | -- Step 1 of 8: Configure HERMES plugins --
1781535894.984653:         hermes.init:      INFO | The following plugins are already builtin:
1781535894.984787:         hermes.init:      INFO | [harvest] [1mCITATION.cff Harvester[0m (builtin)
1781535894.984833:         hermes.init:      INFO | [harvest] [1mcodemeta.json Harvester[0m (builtin)
1781535894.984867:         hermes.init:      INFO | [harvest] [1m'file_exists' Harvester[0m (builtin)
1781535894.984900:         hermes.init:      INFO | [process] [1mMerge[0m (builtin)
1781535894.984928:         hermes.init:      INFO | [curate] [1mCurate[0m (builtin)
1781535894.984955:         hermes.init:      INFO | [deposit] [1mInvenio Deposit[0m (builtin)
1781535894.984981:         hermes.init:      INFO | [deposit] [1mInvenio RDM Deposit[0m (builtin)
1781535894.985008:         hermes.init:      INFO | [deposit] [1mRodare Deposit[0m (builtin)
1781535894.985033:         hermes.init:      INFO | [postprocess] [1mInvenio Postprocess[0m (builtin)
1781535894.985058:         hermes.init:      INFO | [postprocess] [1mInvenio RDM Postprocess[0m (builtin)
1781535894.985085:         hermes.init:      INFO | The following plugins are available for installation:
1781535894.985144:         hermes.init:      INFO | Do you want to add a plugin?
1781536112.181078:         hermes.init:   WARNING | HERMES init was aborted.
1781536112.181321:         hermes.init:      INFO | Cleaning unused files...
1781536150.615300:          hermes.cli:     DEBUG | Running hermes with the following command line arguments: Namespace(subcommand='init', path=WindowsPath('.'), config=WindowsPath('hermes.toml'), options=[], template_branch='', command=<hermes.commands.init.base.HermesInitCommand object at 0x0000024EBA8C5A90>)
1781536150.615585:          hermes.cli:     DEBUG | Loading settings...
1781536150.615641:          hermes.cli:     DEBUG | Update settings from command line...
1781536150.615677:          hermes.cli:      INFO | Run subcommand init
1781536150.615899:         hermes.init:      INFO | Preparing HERMES initialization

1781536150.996833:         hermes.init:      INFO | Git project using GitHub detected.

1781536150.996930:         hermes.init:      INFO | Starting to initialize HERMES in C:\CQ Generation Framework\CQ-Generation-Framework

1781536150.996966:         hermes.init:      INFO | -- Step 1 of 8: Configure HERMES plugins --
1781536152.219463:         hermes.init:      INFO | The following plugins are already builtin:
1781536152.219985:         hermes.init:      INFO | [harvest] [1mCITATION.cff Harvester[0m (builtin)
1781536152.220155:         hermes.init:      INFO | [harvest] [1mcodemeta.json Harvester[0m (builtin)
1781536152.220267:         hermes.init:      INFO | [harvest] [1m'file_exists' Harvester[0m (builtin)
1781536152.220372:         hermes.init:      INFO | [process] [1mMerge[0m (builtin)
1781536152.220472:         hermes.init:      INFO | [curate] [1mCurate[0m (builtin)
1781536152.220565:         hermes.init:      INFO | [deposit] [1mInvenio Deposit[0m (builtin)
1781536152.220657:         hermes.init:      INFO | [deposit] [1mInvenio RDM Deposit[0m (builtin)
1781536152.220746:         hermes.init:      INFO | [deposit] [1mRodare Deposit[0m (builtin)
1781536152.220835:         hermes.init:      INFO | [postprocess] [1mInvenio Postprocess[0m (builtin)
1781536152.220922:         hermes.init:      INFO | [postprocess] [1mInvenio RDM Postprocess[0m (builtin)
1781536152.221007:         hermes.init:      INFO | The following plugins are available for installation:
1781536152.221193:         hermes.init:      INFO | Do you want to add a plugin?
1781604838.407112:          hermes.cli:     DEBUG | Running hermes with the following command line arguments: Namespace(subcommand='harvest', path=WindowsPath('.'), config=WindowsPath('hermes.toml'), options=[], command=<hermes.commands.harvest.base.HermesHarvestCommand object at 0x00000239E6D9C440>)
1781604838.407352:          hermes.cli:     DEBUG | Loading settings...
1781604838.407522:      hermes.harvest:     ERROR | hermes.toml was not found. Try to run 'hermes init' first or create one manually.
1781604838.407590:          hermes.cli:     ERROR | An error occurred during execution of harvest (Find details in './hermes.log')
1781604838.407692:          hermes.cli:     DEBUG | Original exception was: [Errno 2] No such file or directory: 'hermes.toml'
1781607619.075575:          hermes.cli:     DEBUG | Running hermes with the following command line arguments: Namespace(subcommand='init', path=WindowsPath('.'), config=WindowsPath('hermes.toml'), options=[], template_branch='', command=<hermes.commands.init.base.HermesInitCommand object at 0x000001DE289E2660>)
1781607619.075824:          hermes.cli:     DEBUG | Loading settings...
1781607619.075872:          hermes.cli:     DEBUG | Update settings from command line...
1781607619.075903:          hermes.cli:      INFO | Run subcommand init
1781607619.076326:         hermes.init:      INFO | Preparing HERMES initialization

1781607619.535545:         hermes.init:      INFO | Git project using GitHub detected.

1781607619.535754:         hermes.init:      INFO | Starting to initialize HERMES in C:\CQ Generation Framework\CQ-Generation-Framework

1781607619.535854:         hermes.init:      INFO | -- Step 1 of 8: Configure HERMES plugins --
1781607620.768293:         hermes.init:      INFO | The following plugins are already builtin:
1781607620.768688:         hermes.init:      INFO | [harvest] [1mCITATION.cff Harvester[0m (builtin)
1781607620.768966:         hermes.init:      INFO | [harvest] [1mcodemeta.json Harvester[0m (builtin)
1781607620.769075:         hermes.init:      INFO | [harvest] [1m'file_exists' Harvester[0m (builtin)
1781607620.769133:         hermes.init:      INFO | [process] [1mMerge[0m (builtin)
1781607620.769280:         hermes.init:      INFO | [curate] [1mCurate[0m (builtin)
1781607620.769443:         hermes.init:      INFO | [deposit] [1mInvenio Deposit[0m (builtin)
1781607620.769580:         hermes.init:      INFO | [deposit] [1mInvenio RDM Deposit[0m (builtin)
1781607620.769695:         hermes.init:      INFO | [deposit] [1mRodare Deposit[0m (builtin)
1781607620.769807:         hermes.init:      INFO | [postprocess] [1mInvenio Postprocess[0m (builtin)
1781607620.769964:         hermes.init:      INFO | [postprocess] [1mInvenio RDM Postprocess[0m (builtin)
1781607620.770086:         hermes.init:      INFO | The following plugins are available for installation:
1781607620.770523:         hermes.init:      INFO | Do you want to add a plugin?
1781607626.568950:         hermes.init:      INFO | You selected "No further plugins needed".

1781607626.569480:         hermes.init:      INFO | -- Step 2 of 8: Configure deposition platform and setup method --
1781607626.569751:         hermes.init:      INFO | Where do you want to publish the software?
1781607634.880140:         hermes.init:      INFO | You selected "Zenodo".

1781607634.880546:         hermes.init:      INFO | How do you want to connect Zenodo with your GitHub CI?
1781607655.848703:         hermes.init:      INFO | You selected "Automatically (using OAuth / Device Flow)".

1781607655.849567:         hermes.init:      INFO | -- Step 3 of 8: Configure HERMES behaviour --
1781607655.849907:         hermes.init:      INFO | When should the automated HERMES process start?
1781607823.504749:         hermes.init:      INFO | You selected "When I push a branch".

1781607853.816798:         hermes.init:      INFO | The HERMES pipeline will be activated when you push on [1mmain[0m
1781607864.951442:         hermes.init:      INFO | Which other folders / files of your root directory should be included in the Zenodo upload?
1781607876.623993:         hermes.init:      INFO | You selected "Everything (all folders & all files)".

1781607876.624550:         hermes.init:      INFO | Your upload will consist of the following:
1781607876.624860:         hermes.init:      INFO | 	Unzipped:
1781607876.625175:         hermes.init:      INFO | 		README.md
1781607876.625340:         hermes.init:      INFO | 	Zipped:
1781607876.625490:         hermes.init:      INFO | 		.git
1781607876.625690:         hermes.init:      INFO | 		.gitignore
1781607876.625857:         hermes.init:      INFO | 		.hermes
1781607876.626045:         hermes.init:      INFO | 		.venv
1781607876.626148:         hermes.init:      INFO | 		CITATION.cff
1781607876.626234:         hermes.init:      INFO | 		CQ_Generation_Framework
1781607876.626394:         hermes.init:      INFO | 		hermes.log
1781607876.626562:         hermes.init:      INFO | 		LICENSE
1781607876.626656:         hermes.init:      INFO | 		README.md
1781607876.626799:         hermes.init:      INFO | 		requirements.txt
1781607876.626973:         hermes.init:      INFO | -- Step 4 of 8: Create hermes.toml file --
1781607876.629065:         hermes.init:      INFO | `hermes.toml` was created.
1781607876.629374:         hermes.init:      INFO | -- Step 5 of 8: Create CITATION.cff file --
1781607876.629642:         hermes.init:      INFO | Your project already contains a `CITATION.cff` file. Nice!
1781607876.629830:         hermes.init:      INFO | -- Step 6 of 8: Create git CI files --
1781607876.633403:         hermes.init:      INFO | The `.gitignore` file already contains `.hermes/`
1781607877.232352:         hermes.init:      INFO | GitHub CI: File was created at .github\workflows\hermes_github.yml
1781607877.232640:         hermes.init:      INFO | -- Step 7 of 8: Connect with deposition platform --
1781607877.232762:         hermes.init:      INFO | Doing OAuth with Zenodo is currently not available.
1781607877.232902:         hermes.init:      INFO | Open this link (https://zenodo.org/account/settings/applications/tokens/new/) and create an access token.
1781607877.232996:         hermes.init:      INFO | It needs the scopes "deposit:actions" and "deposit:write".
1781608027.243827:         hermes.init:      INFO | The token was validated by Zenodo.
1781608027.244544:         hermes.init:      INFO | -- Step 8 of 8: Connect with git hoster --
1781608027.245059:         hermes.init:      INFO | Using Device-Flow to authorize with GitHub
1781608028.121372:         hermes.init:      INFO | Open https://github.com/login/device and enter this code: 83D2-179C
1781608109.903726:         hermes.init:      INFO | OAuth at GitHub was successful.
1781608112.296281:         hermes.init:      INFO | Secret 'ZENODO_SANDBOX' created/updated successfully.
1781608113.347253:         hermes.init:      INFO | Project settings updated successfully.
1781608113.350592:         hermes.init:      INFO | Cleaning unused files...
1781608113.353623:         hermes.init:      INFO | 
HERMES is now initialized and ready to be used.

1781608371.355786:          hermes.cli:     DEBUG | Running hermes with the following command line arguments: Namespace(subcommand='harvest', path=PosixPath('.'), config=PosixPath('hermes.toml'), options=[], command=<hermes.commands.harvest.base.HermesHarvestCommand object at 0x7f0ad421a4a0>)
1781608371.355956:          hermes.cli:     DEBUG | Loading settings...
1781608371.357131:          hermes.cli:     DEBUG | Update settings from command line...
1781608371.357179:          hermes.cli:      INFO | Run subcommand harvest
1781608371.541068:           audit.cff:      INFO | - Found valid Citation File Format file at: CITATION.cff
1781608372.013347:          hermes.cli:     DEBUG | Running hermes with the following command line arguments: Namespace(subcommand='process', path=PosixPath('.'), config=PosixPath('hermes.toml'), options=[], command=<hermes.commands.process.base.HermesProcessCommand object at 0x7f9c45b8f130>)
1781608372.013516:          hermes.cli:     DEBUG | Loading settings...
1781608372.015412:          hermes.cli:     DEBUG | Update settings from command line...
1781608372.015459:          hermes.cli:      INFO | Run subcommand process
1781608372.015616:      hermes.process:      INFO | ## Process data from cff
1781608372.016427:   hermes.model.path:     DEBUG | @context: 'Key @type not in @context.'
1781608372.016695:   hermes.model.path:     DEBUG | @type: 'Key @type not in @type.'
1781608372.017034:   hermes.model.path:     DEBUG | Using type SoftwareSourceCode from author.
1781608372.017208:   hermes.model.path:     DEBUG | Using type SoftwareSourceCode from author[0].
1781608372.017435:   hermes.model.path:     DEBUG | Using type SoftwareSourceCode from author[0].@id.
1781608372.017777:   hermes.model.path:     DEBUG | Using type SoftwareSourceCode from author[0].@type.
1781608372.018096:   hermes.model.path:     DEBUG | Using type SoftwareSourceCode from author[0].familyName.
1781608372.018447:   hermes.model.path:     DEBUG | Using type SoftwareSourceCode from author[0].givenName.
1781608372.018712:   hermes.model.path:     DEBUG | Using type SoftwareSourceCode from datePublished.
1781608372.018954:   hermes.model.path:     DEBUG | Using type SoftwareSourceCode from keywords.
1781608372.019219:   hermes.model.path:     DEBUG | Using type SoftwareSourceCode from keywords[0].
1781608372.019510:   hermes.model.path:     DEBUG | Using type SoftwareSourceCode from keywords[1].
1781608372.019776:   hermes.model.path:     DEBUG | Using type SoftwareSourceCode from keywords[2].
1781608372.020027:   hermes.model.path:     DEBUG | Using type SoftwareSourceCode from keywords[3].
1781608372.020296:   hermes.model.path:     DEBUG | Using type SoftwareSourceCode from keywords[4].
1781608372.020532:   hermes.model.path:     DEBUG | Using type SoftwareSourceCode from license.
1781608372.020737:   hermes.model.path:     DEBUG | Using type SoftwareSourceCode from name.
1781608372.020925:   hermes.model.path:     DEBUG | Using type SoftwareSourceCode from url.
1781608372.021119:   hermes.model.path:     DEBUG | Using type SoftwareSourceCode from version.
1781608372.021590:   hermes.model.path:     DEBUG | Using type SoftwareSourceCode from @context.
1781608372.021784:   hermes.model.path:     DEBUG | Using type SoftwareSourceCode from @type.
1781608372.498053:          hermes.cli:     DEBUG | Running hermes with the following command line arguments: Namespace(subcommand='curate', path=PosixPath('.'), config=PosixPath('hermes.toml'), options=[], command=<hermes.commands.curate.base.HermesCurateCommand object at 0x7f47c00330a0>)
1781608372.498281:          hermes.cli:     DEBUG | Loading settings...
1781608372.500692:          hermes.cli:     DEBUG | Update settings from command line...
1781608372.500749:          hermes.cli:      INFO | Run subcommand curate
1781608372.500866:       hermes.curate:      INFO | # Metadata curation
